[0.02s] PASS T09.radiation_derivative_1_0
[0.02s] PASS T09.radiation_derivative_0_1
[0.03s] PASS T09.closed_formula_vs_differentiation_2_0
[0.03s] PASS T09.radiation_derivative_2_0
[0.03s] PASS T09.closed_formula_vs_differentiation_1_1
[0.03s] PASS T09.radiation_derivative_1_1
[0.03s] PASS T09.closed_formula_vs_differentiation_0_2
[0.04s] PASS T09.radiation_derivative_0_2
[0.04s] PASS T09.closed_formula_vs_differentiation_3_0
[0.05s] PASS T09.radiation_derivative_3_0
[0.05s] PASS T09.closed_formula_vs_differentiation_2_1
[0.05s] PASS T09.radiation_derivative_2_1
[0.06s] PASS T09.closed_formula_vs_differentiation_1_2
[0.06s] PASS T09.radiation_derivative_1_2
[0.06s] PASS T09.closed_formula_vs_differentiation_0_3
[0.06s] PASS T09.radiation_derivative_0_3
[0.08s] PASS T09.closed_formula_vs_differentiation_4_0
[0.09s] PASS T09.radiation_derivative_4_0
[0.10s] PASS T09.closed_formula_vs_differentiation_3_1
[0.11s] PASS T09.radiation_derivative_3_1
[0.12s] PASS T09.closed_formula_vs_differentiation_2_2
[0.12s] PASS T09.radiation_derivative_2_2
[0.14s] PASS T09.closed_formula_vs_differentiation_1_3
[0.14s] PASS T09.radiation_derivative_1_3
[0.15s] PASS T09.closed_formula_vs_differentiation_0_4
[0.16s] PASS T09.radiation_derivative_0_4
[0.19s] PASS T09.closed_formula_vs_differentiation_5_0
[0.20s] PASS T09.radiation_derivative_5_0
[0.23s] PASS T09.closed_formula_vs_differentiation_4_1
[0.24s] PASS T09.radiation_derivative_4_1
[0.27s] PASS T09.closed_formula_vs_differentiation_3_2
[0.28s] PASS T09.radiation_derivative_3_2
[0.31s] PASS T09.closed_formula_vs_differentiation_2_3
[0.32s] PASS T09.radiation_derivative_2_3
[0.35s] PASS T09.closed_formula_vs_differentiation_1_4
[0.36s] PASS T09.radiation_derivative_1_4
[0.37s] PASS T09.closed_formula_vs_differentiation_0_5
[0.37s] PASS T09.radiation_derivative_0_5
[0.43s] PASS T09.closed_formula_vs_differentiation_6_0
[0.45s] PASS T09.radiation_derivative_6_0
[0.50s] PASS T09.closed_formula_vs_differentiation_5_1
[0.52s] PASS T09.radiation_derivative_5_1
[0.58s] PASS T09.closed_formula_vs_differentiation_4_2
[0.59s] PASS T09.radiation_derivative_4_2
[0.65s] PASS T09.closed_formula_vs_differentiation_3_3
[0.66s] PASS T09.radiation_derivative_3_3
[0.71s] PASS T09.closed_formula_vs_differentiation_2_4
[0.73s] PASS T09.radiation_derivative_2_4
[0.75s] PASS T09.closed_formula_vs_differentiation_1_5
[0.76s] PASS T09.radiation_derivative_1_5
[0.78s] PASS T09.closed_formula_vs_differentiation_0_6
[0.79s] PASS T09.radiation_derivative_0_6
[0.79s] PASS T09.commuting_partial_derivatives_L
[0.80s] PASS T09.commuting_partial_derivatives_A
[0.81s] PASS T09.commuting_partial_derivatives_f2
[0.82s] PASS T09.commuting_partial_derivatives_f3
[0.99s] PASS T09.square_root_series_identity
[1.29s] PASS T09.full_local_vertex_radiation_order_2
[1.30s] PASS T09.full_local_vertex_radiation_order_3
[1.32s] PASS T09.full_local_vertex_radiation_order_4
[1.34s] PASS T09.full_local_vertex_radiation_order_5
[1.38s] PASS T09.full_local_vertex_radiation_order_6
PASS: 27 derivatives, 5 full local vertices, 62 independent checks.
